---
source: tui/src/status/tests.rs
assertion_line: 929
expression: sanitized
---
/status

╭─────────────────────────────────────────────────────────────────────────────╮
│  >_ OpenAI Codex (v0.0.0)                                                   │
│                                                                             │
│ Visit https://chatgpt.com/codex/settings/usage for up-to-date               │
│ information on rate limits and credits                                      │
│                                                                             │
│  Model:            gpt-5.1-codex-max (reasoning none, summaries auto)       │
│  Directory: [[workspace]]                                                   │
│  Permissions:      Custom (workspace-write with network access, on-request) │
│  Agents.md:        <none>                                                   │
│  Auth session:     019d943e-a836-7071-9c92-8fb11079df45                     │
│                                                                             │
│  Token usage:      1.9K total  (1K input + 900 output)                      │
│  Context window:   100% left (2.25K used / 272K)                            │
│  Limits:           data not available yet                                   │
╰─────────────────────────────────────────────────────────────────────────────╯
