---
source: tui_app_server/src/chatwidget/tests.rs
assertion_line: 4436
expression: combined
---
• Waiting for any of 2 agents
  └ Scout [explorer]
    Builder [implementer]
    Wait mode: any final status


• Wait condition met (any final)
  └ Scout [explorer]: Completed - Done
    Builder [implementer]: Running
