---
source: core/tests/suite/compact_remote.rs
expression: "format_labeled_requests_snapshot(\"Remote pre-turn auto-compaction while realtime remains active: compacted replacement history already carries canonical prompt-top context, so the follow-up request keeps realtime-start instructions without a later baseline repair.\",\n&[(\"Remote Compaction Request\", &compact_request),\n(\"Remote Post-Compaction History Layout\", post_compact_request),])"
---
Scenario: Remote pre-turn auto-compaction while realtime remains active: compacted replacement history already carries canonical prompt-top context, so the follow-up request keeps realtime-start instructions without a later baseline repair.

## Remote Compaction Request
00:message/developer:<PERMISSIONS_INSTRUCTIONS>
01:message/user[2]:
    [01] <AGENTS_MD>
    [02] <ENVIRONMENT_CONTEXT:cwd=<CWD>>
02:message/developer:<realtime_conversation>\nRealtime conversation started.\n\nYou a...
03:message/user:USER_ONE
04:message/assistant:REMOTE_FIRST_REPLY

## Remote Post-Compaction History Layout
00:message/developer[2]:
    [01] <PERMISSIONS_INSTRUCTIONS>
    [02] <realtime_conversation>\nRealtime conversation started.\n\nYou a...
01:message/user[2]:
    [01] <AGENTS_MD>
    [02] <ENVIRONMENT_CONTEXT:cwd=<CWD>>
02:compaction:encrypted=true
03:message/user:USER_TWO
