---
source: core/tests/suite/compact_remote.rs
expression: "format_labeled_requests_snapshot(\"Remote manual /compact while realtime remains active: compacted replacement history already carries canonical prompt-top context, so the next regular turn keeps realtime-start instructions without clearing the baseline first.\",\n&[(\"Remote Compaction Request\", &compact_request),\n(\"Remote Post-Compaction History Layout\", post_compact_request),])"
---
Scenario: Remote manual /compact while realtime remains active: compacted replacement history already carries canonical prompt-top context, so the next regular turn keeps realtime-start instructions without clearing the baseline first.

## Remote Compaction Request
00:message/developer[2]:
    [01] <PERMISSIONS_INSTRUCTIONS>
    [02] <realtime_conversation>\nRealtime conversation started.\n\nYou a...
01:message/user:<ENVIRONMENT_CONTEXT:cwd=<CWD>>
02:message/user:USER_ONE
03:message/assistant:REMOTE_FIRST_REPLY

## Remote Post-Compaction History Layout
00:message/developer[2]:
    [01] <PERMISSIONS_INSTRUCTIONS>
    [02] <realtime_conversation>\nRealtime conversation started.\n\nYou a...
01:message/user[2]:
    [01] <AGENTS_MD>
    [02] <ENVIRONMENT_CONTEXT:cwd=<CWD>>
02:compaction:encrypted=true
03:message/user:USER_TWO
