---
source: tui/src/chatwidget/tests.rs
assertion_line: 1917
expression: terminal.backend()
---
"                                                                                "
"                                                                                "
"› Ask Codex to do anything                                                      "
"                                                                                "
"  ? for shortcuts                                                               "
